../../CM7/../../CM7/TouchGFX/gui/include/gui/screen1_screen/Screen1Presenter.hpp:28:13:Screen1Presenter::~Screen1Presenter()	0	static
../../CM7/../../CM7/Middlewares/ST/touchgfx/framework/include/touchgfx/TypedText.hpp:65:13:touchgfx::TypedText::~TypedText()	0	static
C:/TouchGFXProjects/Keyboard/CM7/TouchGFX/gui/src/screen1_screen/Screen1Presenter.cpp:12:6:virtual void Screen1Presenter::activate()	0	static
../../CM7/../../CM7/TouchGFX/gui/include/gui/screen1_screen/Screen1Presenter.hpp:28:13:virtual Screen1Presenter::~Screen1Presenter()	8	static
../../CM7/../../CM7/Middlewares/ST/touchgfx/framework/include/touchgfx/TypedText.hpp:65:13:virtual touchgfx::TypedText::~TypedText()	8	static
C:/TouchGFXProjects/Keyboard/CM7/TouchGFX/gui/src/screen1_screen/Screen1Presenter.cpp:24:7:virtual void Screen1Presenter::sendData(char*)	0	static
../../CM7/../../CM7/TouchGFX/gui/include/gui/screen1_screen/Screen1Presenter.hpp:28:13:virtual void* Screen1Presenter::_ZThn4_N16Screen1PresenterD1Ev()	0	static
C:/TouchGFXProjects/Keyboard/CM7/TouchGFX/gui/src/screen1_screen/Screen1Presenter.cpp:4:1:Screen1Presenter::Screen1Presenter(Screen1View&)	0	static
C:/TouchGFXProjects/Keyboard/CM7/TouchGFX/gui/src/screen1_screen/Screen1Presenter.cpp:30:1:cpp)	0	static
