../../CM7/../../CM7/Middlewares/ST/touchgfx/framework/include/touchgfx/Screen.hpp:104:18:virtual void touchgfx::Screen::afterTransition()	0	static
../../CM7/../../CM7/Middlewares/ST/touchgfx/framework/include/touchgfx/Screen.hpp:144:18:virtual void touchgfx::Screen::handleTickEvent()	0	static
../../CM7/../../CM7/Middlewares/ST/touchgfx/framework/include/touchgfx/Screen.hpp:154:18:virtual void touchgfx::Screen::handleKeyEvent(uint8_t)	0	static
C:/TouchGFXProjects/FunctionGenerator/CM7/TouchGFX/gui/src/screen1_screen/Screen1View.cpp:13:6:virtual void Screen1View::tearDownScreen()	0	static
C:/TouchGFXProjects/FunctionGenerator/CM7/TouchGFX/gui/src/screen1_screen/Screen1View.cpp:18:6:virtual void Screen1View::SquareClicked()	0	static
C:/TouchGFXProjects/FunctionGenerator/CM7/TouchGFX/gui/src/screen1_screen/Screen1View.cpp:24:6:virtual void Screen1View::SineClicked()	0	static
C:/TouchGFXProjects/FunctionGenerator/CM7/TouchGFX/gui/src/screen1_screen/Screen1View.cpp:30:6:virtual void Screen1View::TriAngleClicked()	0	static
C:/TouchGFXProjects/FunctionGenerator/CM7/TouchGFX/gui/src/screen1_screen/Screen1View.cpp:36:6:virtual void Screen1View::TriClicked()	0	static
../../CM7/../../CM7/TouchGFX/gui/include/gui/screen1_screen/Screen1View.hpp:11:13:Screen1View::~Screen1View()	8	static
../../CM7/../../CM7/TouchGFX/gui/include/gui/screen1_screen/Screen1View.hpp:11:13:virtual Screen1View::~Screen1View()	8	static
C:/TouchGFXProjects/FunctionGenerator/CM7/TouchGFX/gui/src/screen1_screen/Screen1View.cpp:3:1:Screen1View::Screen1View()	8	static
C:/TouchGFXProjects/FunctionGenerator/CM7/TouchGFX/gui/src/screen1_screen/Screen1View.cpp:8:6:virtual void Screen1View::setupScreen()	0	static
