C:/TouchGFXProjects/SampleFromAnotherTask/CM7/Core/Src/main.c:920:13:TouchGFX_Task	1
C:/TouchGFXProjects/SampleFromAnotherTask/CM7/Core/Src/main.c:938:6:ButtonTaskStarter	1
C:/TouchGFXProjects/SampleFromAnotherTask/CM7/Core/Src/main.c:964:6:ADCTaskStarter	1
C:/TouchGFXProjects/SampleFromAnotherTask/CM7/Core/Src/main.c:140:6:map	1
C:/TouchGFXProjects/SampleFromAnotherTask/CM7/Core/Src/main.c:301:6:SystemClock_Config	4
C:/TouchGFXProjects/SampleFromAnotherTask/CM7/Core/Src/main.c:152:5:main	30
C:/TouchGFXProjects/SampleFromAnotherTask/CM7/Core/Src/main.c:1065:6:HAL_TIM_PeriodElapsedCallback	2
C:/TouchGFXProjects/SampleFromAnotherTask/CM7/Core/Src/main.c:1083:6:Error_Handler	1
