C:/TouchGFXProjects/SampleFromAnotherTask/CM7/Core/Src/main.c:920:13:TouchGFX_Task	8	static
C:/TouchGFXProjects/SampleFromAnotherTask/CM7/Core/Src/main.c:938:6:ButtonTaskStarter	8	static
C:/TouchGFXProjects/SampleFromAnotherTask/CM7/Core/Src/main.c:964:6:ADCTaskStarter	16	static
C:/TouchGFXProjects/SampleFromAnotherTask/CM7/Core/Src/main.c:140:6:map	12	static
C:/TouchGFXProjects/SampleFromAnotherTask/CM7/Core/Src/main.c:301:6:SystemClock_Config	136	static,ignoring_inline_asm
C:/TouchGFXProjects/SampleFromAnotherTask/CM7/Core/Src/main.c:152:5:main	272	static,ignoring_inline_asm
C:/TouchGFXProjects/SampleFromAnotherTask/CM7/Core/Src/main.c:1065:6:HAL_TIM_PeriodElapsedCallback	0	static
C:/TouchGFXProjects/SampleFromAnotherTask/CM7/Core/Src/main.c:1083:6:Error_Handler	0	static,ignoring_inline_asm
