C:/TouchGFXProjects/SampleFromAnotherTask/CM7/Core/Src/stm32h7xx_hal_msp.c:69:6:HAL_MspInit	8	static
C:/TouchGFXProjects/SampleFromAnotherTask/CM7/Core/Src/stm32h7xx_hal_msp.c:93:6:HAL_ADC_MspInit	224	static
C:/TouchGFXProjects/SampleFromAnotherTask/CM7/Core/Src/stm32h7xx_hal_msp.c:160:6:HAL_ADC_MspDeInit	0	static
C:/TouchGFXProjects/SampleFromAnotherTask/CM7/Core/Src/stm32h7xx_hal_msp.c:185:6:HAL_CRC_MspInit	8	static
C:/TouchGFXProjects/SampleFromAnotherTask/CM7/Core/Src/stm32h7xx_hal_msp.c:208:6:HAL_CRC_MspDeInit	0	static
C:/TouchGFXProjects/SampleFromAnotherTask/CM7/Core/Src/stm32h7xx_hal_msp.c:230:6:HAL_DMA2D_MspInit	16	static
C:/TouchGFXProjects/SampleFromAnotherTask/CM7/Core/Src/stm32h7xx_hal_msp.c:256:6:HAL_DMA2D_MspDeInit	0	static
C:/TouchGFXProjects/SampleFromAnotherTask/CM7/Core/Src/stm32h7xx_hal_msp.c:281:6:HAL_DSI_MspInit	240	static
C:/TouchGFXProjects/SampleFromAnotherTask/CM7/Core/Src/stm32h7xx_hal_msp.c:337:6:HAL_DSI_MspDeInit	8	static
C:/TouchGFXProjects/SampleFromAnotherTask/CM7/Core/Src/stm32h7xx_hal_msp.c:373:6:HAL_JPEG_MspInit	24	static
C:/TouchGFXProjects/SampleFromAnotherTask/CM7/Core/Src/stm32h7xx_hal_msp.c:457:6:HAL_JPEG_MspDeInit	8	static
C:/TouchGFXProjects/SampleFromAnotherTask/CM7/Core/Src/stm32h7xx_hal_msp.c:486:6:HAL_LTDC_MspInit	216	static
C:/TouchGFXProjects/SampleFromAnotherTask/CM7/Core/Src/stm32h7xx_hal_msp.c:530:6:HAL_LTDC_MspDeInit	0	static
C:/TouchGFXProjects/SampleFromAnotherTask/CM7/Core/Src/stm32h7xx_hal_msp.c:555:6:HAL_QSPI_MspInit	272	static
C:/TouchGFXProjects/SampleFromAnotherTask/CM7/Core/Src/stm32h7xx_hal_msp.c:657:6:HAL_QSPI_MspDeInit	8	static
C:/TouchGFXProjects/SampleFromAnotherTask/CM7/Core/Src/stm32h7xx_hal_msp.c:849:6:HAL_SDRAM_MspInit	248	static
C:/TouchGFXProjects/SampleFromAnotherTask/CM7/Core/Src/stm32h7xx_hal_msp.c:960:6:HAL_SDRAM_MspDeInit	8	static
