Screen1Presenter.hpp:28:13:Screen1Presenter::~Screen1Presenter()	0	static
TypedText.hpp:65:13:touchgfx::TypedText::~TypedText()	0	static
Screen1Presenter.cpp:12:6:virtual void Screen1Presenter::activate()	0	static
Screen1Presenter.hpp:28:13:virtual Screen1Presenter::~Screen1Presenter()	8	static
TypedText.hpp:65:13:virtual touchgfx::TypedText::~TypedText()	8	static
Screen1Presenter.hpp:28:13:virtual void* Screen1Presenter::_ZThn4_N16Screen1PresenterD1Ev()	0	static
Screen1Presenter.cpp:4:1:Screen1Presenter::Screen1Presenter(Screen1View&)	8	static
Screen1Presenter.cpp:22:1:cpp)	0	static
