C:/TouchGFXProjects/FunctionGenerator/CM7/Core/Src/main.c:910:13:TouchGFX_Task	8	static
C:/TouchGFXProjects/FunctionGenerator/CM7/Core/Src/main.c:259:6:SystemClock_Config	136	static,ignoring_inline_asm
C:/TouchGFXProjects/FunctionGenerator/CM7/Core/Src/main.c:120:5:main	272	static,ignoring_inline_asm
C:/TouchGFXProjects/FunctionGenerator/CM7/Core/Src/main.c:1000:6:HAL_TIM_PeriodElapsedCallback	0	static
C:/TouchGFXProjects/FunctionGenerator/CM7/Core/Src/main.c:1018:6:Error_Handler	0	static,ignoring_inline_asm
