C:/TouchGFXProjects/TUT_SendtoUI_1/CM7/Core/Src/main.c:853:13:TouchGFX_Task	8	static
C:/TouchGFXProjects/TUT_SendtoUI_1/CM7/Core/Src/main.c:250:6:SystemClock_Config	136	static,ignoring_inline_asm
C:/TouchGFXProjects/TUT_SendtoUI_1/CM7/Core/Src/main.c:115:5:main	264	static,ignoring_inline_asm
C:/TouchGFXProjects/TUT_SendtoUI_1/CM7/Core/Src/main.c:943:6:HAL_TIM_PeriodElapsedCallback	0	static
C:/TouchGFXProjects/TUT_SendtoUI_1/CM7/Core/Src/main.c:961:6:Error_Handler	0	static,ignoring_inline_asm
