C:/TouchGFXProjects/SendUARTData/CM7/Core/Src/main.c:871:13:TouchGFX_Task	8	static
C:/TouchGFXProjects/SendUARTData/CM7/Core/Src/main.c:120:6:HAL_UARTEx_RxEventCallback	32	static
C:/TouchGFXProjects/SendUARTData/CM7/Core/Src/main.c:285:6:SystemClock_Config	136	static,ignoring_inline_asm
C:/TouchGFXProjects/SendUARTData/CM7/Core/Src/main.c:144:5:main	264	static,ignoring_inline_asm
C:/TouchGFXProjects/SendUARTData/CM7/Core/Src/main.c:961:6:HAL_TIM_PeriodElapsedCallback	0	static
C:/TouchGFXProjects/SendUARTData/CM7/Core/Src/main.c:979:6:Error_Handler	0	static,ignoring_inline_asm
