../../CM7/../../CM7/TouchGFX/gui/include/gui/screen1_screen/Screen1Presenter.hpp:28:13:Screen1Presenter::~Screen1Presenter()	0	static
C:/TouchGFXProjects/SampleFromAnotherTask/CM7/TouchGFX/gui/src/screen1_screen/Screen1Presenter.cpp:10:6:virtual void Screen1Presenter::activate()	0	static
C:/TouchGFXProjects/SampleFromAnotherTask/CM7/TouchGFX/gui/src/screen1_screen/Screen1Presenter.cpp:20:6:virtual void Screen1Presenter::setVolume(int)	0	static
C:/TouchGFXProjects/SampleFromAnotherTask/CM7/TouchGFX/gui/src/screen1_screen/Screen1Presenter.cpp:25:6:virtual void Screen1Presenter::setButton(bool)	0	static
../../CM7/../../CM7/TouchGFX/gui/include/gui/screen1_screen/Screen1Presenter.hpp:28:13:virtual Screen1Presenter::~Screen1Presenter()	8	static
../../CM7/../../CM7/TouchGFX/gui/include/gui/screen1_screen/Screen1Presenter.hpp:28:13:virtual void* Screen1Presenter::_ZThn4_N16Screen1PresenterD1Ev()	0	static
C:/TouchGFXProjects/SampleFromAnotherTask/CM7/TouchGFX/gui/src/screen1_screen/Screen1Presenter.cpp:4:1:Screen1Presenter::Screen1Presenter(Screen1View&)	0	static
