../../CM7/../../CM7/TouchGFX/gui/include/gui/screen1_screen/Screen1Presenter.hpp:28:13:Screen1Presenter::~Screen1Presenter()	0	static
C:/TouchGFXProjects/MultiScreen/CM7/TouchGFX/gui/src/screen1_screen/Screen1Presenter.cpp:15:6:virtual void Screen1Presenter::deactivate()	0	static
../../CM7/../../CM7/TouchGFX/gui/include/gui/screen1_screen/Screen1Presenter.hpp:28:13:virtual Screen1Presenter::~Screen1Presenter()	8	static
C:/TouchGFXProjects/MultiScreen/CM7/TouchGFX/gui/src/screen1_screen/Screen1Presenter.cpp:10:6:virtual void Screen1Presenter::activate()	8	static
../../CM7/../../CM7/TouchGFX/gui/include/gui/screen1_screen/Screen1Presenter.hpp:28:13:virtual void* Screen1Presenter::_ZThn4_N16Screen1PresenterD1Ev()	0	static
C:/TouchGFXProjects/MultiScreen/CM7/TouchGFX/gui/src/screen1_screen/Screen1Presenter.cpp:4:1:Screen1Presenter::Screen1Presenter(Screen1View&)	0	static
C:/TouchGFXProjects/MultiScreen/CM7/TouchGFX/gui/src/screen1_screen/Screen1Presenter.cpp:19:6:void Screen1Presenter::saveToggleButton(bool)	0	static
